-bash: ./node_modules/.bin/vitest: No such file or directory
